Restore Archived Project report for M6502_VGA
Wed Aug 24 15:37:35 2022
Quartus Prime Version 21.1.0 Build 842 10/21/2021 SJ Lite Edition


---------------------
; Table of Contents ;
---------------------
  1. Legal Notice
  2. Restore Archived Project Summary
  3. Restore Archived Project Messages
  4. Files Restored
  5. Files Not Restored



----------------
; Legal Notice ;
----------------
Copyright (C) 2021  Intel Corporation. All rights reserved.
Your use of Intel Corporation's design tools, logic functions 
and other software and tools, and any partner logic 
functions, and any output files from any of the foregoing 
(including device programming or simulation files), and any 
associated documentation or information are expressly subject 
to the terms and conditions of the Intel Program License 
Subscription Agreement, the Intel Quartus Prime License Agreement,
the Intel FPGA IP License Agreement, or other applicable license
agreement, including, without limitation, that your use is for
the sole purpose of programming logic devices manufactured by
Intel and sold by Intel or its authorized distributors.  Please
refer to the applicable agreement for further details, at
https://fpgasoftware.intel.com/eula.



+-------------------------------------------------------------------------+
; Restore Archived Project Summary                                        ;
+---------------------------------+---------------------------------------+
; Restore Archived Project Status ; Successful - Wed Aug 24 15:37:35 2022 ;
; Revision Name                   ; M6502_VGA                             ;
; Top-level Entity Name           ; M6502_VGA                             ;
; Family                          ; Cyclone 10 LP                         ;
+---------------------------------+---------------------------------------+


+-----------------------------------+
; Restore Archived Project Messages ;
+-----------------------------------+
Info: Successfully restored 'C:/Users/HPz420/Documents/GitHub/Doug Gilliland/MultiComp/MultiComp_On_RETRO-65C816/M6502_VGA_Int65C816_Cyclone10/M6502_VGA_tmp_archive.qar' into the 'C:/Users/HPz420/Documents/GitHub/land-boards/FPGA_Sound' directory
Info: Generated report 'M6502_VGA.restore.rpt'


+-------------------------------------------------------------------------------------------+
; Files Restored                                                                            ;
+-------------------------------------------------------------------------------------------+
; File Name                                                                                 ;
+-------------------------------------------------------------------------------------------+
; qar_info.json                                                                             ;
; MultiComp (VHDL Template)/Components/COUNTER/Counter.vhd                                  ;
; MultiComp (VHDL Template)/Components/CPU/M6502/T65.vhd                                    ;
; MultiComp (VHDL Template)/Components/CPU/M6502/T65_ALU.vhd                                ;
; MultiComp (VHDL Template)/Components/CPU/M6502/T65_MCode.vhd                              ;
; MultiComp (VHDL Template)/Components/CPU/M6502/T65_Pack.vhd                               ;
; MultiComp (VHDL Template)/Components/Debounce/Debounce.vhd                                ;
; MultiComp (VHDL Template)/Components/IO/OutLatch.vhd                                      ;
; MultiComp (VHDL Template)/Components/RAM_Internal/InternalRam32K.vhd                      ;
; MultiComp (VHDL Template)/Components/RAM_Internal/InternalRam4K.vhd                       ;
; MultiComp (VHDL Template)/Components/RAM_Internal/InternalRam8K.vhd                       ;
; MultiComp (VHDL Template)/Components/ROMs/6502/M6502_BASIC_ROM.vhd                        ;
; MultiComp (VHDL Template)/Components/SDCARD/Older_SD_Controllers/sd_controller_NealC.vhd  ;
; MultiComp (VHDL Template)/Components/TERMINAL/CGABoldRom.vhd                              ;
; MultiComp (VHDL Template)/Components/TERMINAL/CGABoldRomReduced.vhd                       ;
; MultiComp (VHDL Template)/Components/TERMINAL/DisplayRam1K.vhd                            ;
; MultiComp (VHDL Template)/Components/TERMINAL/DisplayRam2K.vhd                            ;
; MultiComp (VHDL Template)/Components/TERMINAL/SBCTextDisplayRGB.vhd                       ;
; MultiComp (VHDL Template)/Components/TERMINAL/SansBoldRom.vhd                             ;
; MultiComp (VHDL Template)/Components/TERMINAL/SansBoldRomReduced.vhd                      ;
; MultiComp (VHDL Template)/Components/UART/Toggle_On_FN_Key.vhd                            ;
; MultiComp (VHDL Template)/Components/UART/bufferedUART.vhd                                ;
; MultiComp_On_RETRO-65C816/M6502_VGA_Int65C816_Cyclone10/M6502_VGA.qpf                     ;
; MultiComp_On_RETRO-65C816/M6502_VGA_Int65C816_Cyclone10/M6502_VGA.qsf                     ;
; MultiComp_On_RETRO-65C816/M6502_VGA_Int65C816_Cyclone10/M6502_VGA.vhd                     ;
; MultiComp_On_RETRO-65C816/M6502_VGA_Int65C816_Cyclone10/M6502_VGA_assignment_defaults.qdf ;
; MultiComp_On_RETRO-65C816/M6502_VGA_Int65C816_Cyclone10/output_files/output_file.cof      ;
; multicomp (vhdl template)/components/roms/6502/basic.hex                                  ;
; multicomp (vhdl template)/components/terminal/sansfontbold.hex                            ;
+-------------------------------------------------------------------------------------------+


+--------------------+
; Files Not Restored ;
+--------------------+
; File Name          ;
+--------------------+


