Analysis & Synthesis report for FPGA_Sound
Sat Aug 27 05:24:37 2022
Quartus Prime Version 21.1.0 Build 842 10/21/2021 SJ Lite Edition


---------------------
; Table of Contents ;
---------------------
  1. Legal Notice
  2. Analysis & Synthesis Summary
  3. Analysis & Synthesis Settings
  4. Parallel Compilation
  5. Analysis & Synthesis Source Files Read
  6. Analysis & Synthesis Resource Usage Summary
  7. Analysis & Synthesis Resource Utilization by Entity
  8. User-Specified and Inferred Latches
  9. Registers Removed During Synthesis
 10. General Register Statistics
 11. Parameter Settings for User Entity Instance: Sound_SQWave_Middle_C:SQWCounter|counterLdInc:SquareWaveCounter
 12. Parameter Settings for User Entity Instance: Sound_PWM_Middle_C:SineWCounter|counterLdInc:PreScale_Counter
 13. Parameter Settings for User Entity Instance: Sound_PWM_Middle_C:SineWCounter|counterLdInc:PWMCounter
 14. Parameter Settings for User Entity Instance: Sound_PWM_Middle_C:SineWCounter|counterLdInc:ROMAddrCounter
 15. Parameter Settings for User Entity Instance: Sound_Sawtooth_Middle_C:SawWCounter|counterLdInc:PreScale_Counter
 16. Parameter Settings for User Entity Instance: Sound_Sawtooth_Middle_C:SawWCounter|counterLdInc:PWMCounter
 17. Parameter Settings for User Entity Instance: Sound_Sawtooth_Middle_C:SawWCounter|counterLdInc:RampCounter
 18. Parameter Settings for User Entity Instance: Sound_Triangle_Middle_C:eTriangleWCounter|counterLdInc:PreScale_Counter
 19. Parameter Settings for User Entity Instance: Sound_Triangle_Middle_C:eTriangleWCounter|counterLdInc:PWMCounter
 20. Parameter Settings for User Entity Instance: Sound_Triangle_Middle_C:eTriangleWCounter|CounterUpDnLdCnt:RampCounter
 21. Port Connectivity Checks: "Sound_Triangle_Middle_C:eTriangleWCounter|CounterUpDnLdCnt:RampCounter"
 22. Port Connectivity Checks: "Sound_Triangle_Middle_C:eTriangleWCounter|counterLdInc:PWMCounter"
 23. Port Connectivity Checks: "Sound_Triangle_Middle_C:eTriangleWCounter|counterLdInc:PreScale_Counter"
 24. Port Connectivity Checks: "Sound_Sawtooth_Middle_C:SawWCounter|counterLdInc:RampCounter"
 25. Port Connectivity Checks: "Sound_Sawtooth_Middle_C:SawWCounter|counterLdInc:PWMCounter"
 26. Port Connectivity Checks: "Sound_Sawtooth_Middle_C:SawWCounter|counterLdInc:PreScale_Counter"
 27. Port Connectivity Checks: "Sound_PWM_Middle_C:SineWCounter|counterLdInc:ROMAddrCounter"
 28. Port Connectivity Checks: "Sound_PWM_Middle_C:SineWCounter|counterLdInc:PWMCounter"
 29. Port Connectivity Checks: "Sound_PWM_Middle_C:SineWCounter|counterLdInc:PreScale_Counter"
 30. Port Connectivity Checks: "Sound_SQWave_Middle_C:SQWCounter|counterLdInc:SquareWaveCounter"
 31. Post-Synthesis Netlist Statistics for Top Partition
 32. Elapsed Time Per Partition
 33. Analysis & Synthesis Messages



----------------
; Legal Notice ;
----------------
Copyright (C) 2021  Intel Corporation. All rights reserved.
Your use of Intel Corporation's design tools, logic functions 
and other software and tools, and any partner logic 
functions, and any output files from any of the foregoing 
(including device programming or simulation files), and any 
associated documentation or information are expressly subject 
to the terms and conditions of the Intel Program License 
Subscription Agreement, the Intel Quartus Prime License Agreement,
the Intel FPGA IP License Agreement, or other applicable license
agreement, including, without limitation, that your use is for
the sole purpose of programming logic devices manufactured by
Intel and sold by Intel or its authorized distributors.  Please
refer to the applicable agreement for further details, at
https://fpgasoftware.intel.com/eula.



+----------------------------------------------------------------------------------+
; Analysis & Synthesis Summary                                                     ;
+------------------------------------+---------------------------------------------+
; Analysis & Synthesis Status        ; Successful - Sat Aug 27 05:24:37 2022       ;
; Quartus Prime Version              ; 21.1.0 Build 842 10/21/2021 SJ Lite Edition ;
; Revision Name                      ; FPGA_Sound                                  ;
; Top-level Entity Name              ; FPGA_Sound                                  ;
; Family                             ; Cyclone 10 LP                               ;
; Total logic elements               ; 252                                         ;
;     Total combinational functions  ; 252                                         ;
;     Dedicated logic registers      ; 58                                          ;
; Total registers                    ; 58                                          ;
; Total pins                         ; 6                                           ;
; Total virtual pins                 ; 0                                           ;
; Total memory bits                  ; 0                                           ;
; Embedded Multiplier 9-bit elements ; 0                                           ;
; Total PLLs                         ; 0                                           ;
+------------------------------------+---------------------------------------------+


+------------------------------------------------------------------------------------------------------------+
; Analysis & Synthesis Settings                                                                              ;
+------------------------------------------------------------------+--------------------+--------------------+
; Option                                                           ; Setting            ; Default Value      ;
+------------------------------------------------------------------+--------------------+--------------------+
; Device                                                           ; 10CL006YU256C8G    ;                    ;
; Top-level entity name                                            ; FPGA_Sound         ; FPGA_Sound         ;
; Family name                                                      ; Cyclone 10 LP      ; Cyclone V          ;
; Use smart compilation                                            ; On                 ; Off                ;
; Maximum processors allowed for parallel compilation              ; All                ;                    ;
; Enable parallel Assembler and Timing Analyzer during compilation ; On                 ; On                 ;
; Enable compact report table                                      ; Off                ; Off                ;
; Restructure Multiplexers                                         ; Auto               ; Auto               ;
; Create Debugging Nodes for IP Cores                              ; Off                ; Off                ;
; Preserve fewer node names                                        ; On                 ; On                 ;
; Intel FPGA IP Evaluation Mode                                    ; Enable             ; Enable             ;
; Verilog Version                                                  ; Verilog_2001       ; Verilog_2001       ;
; VHDL Version                                                     ; VHDL_1993          ; VHDL_1993          ;
; State Machine Processing                                         ; Auto               ; Auto               ;
; Safe State Machine                                               ; Off                ; Off                ;
; Extract Verilog State Machines                                   ; On                 ; On                 ;
; Extract VHDL State Machines                                      ; On                 ; On                 ;
; Ignore Verilog initial constructs                                ; Off                ; Off                ;
; Iteration limit for constant Verilog loops                       ; 5000               ; 5000               ;
; Iteration limit for non-constant Verilog loops                   ; 250                ; 250                ;
; Add Pass-Through Logic to Inferred RAMs                          ; On                 ; On                 ;
; Infer RAMs from Raw Logic                                        ; On                 ; On                 ;
; Parallel Synthesis                                               ; On                 ; On                 ;
; DSP Block Balancing                                              ; Auto               ; Auto               ;
; NOT Gate Push-Back                                               ; On                 ; On                 ;
; Power-Up Don't Care                                              ; On                 ; On                 ;
; Remove Redundant Logic Cells                                     ; Off                ; Off                ;
; Remove Duplicate Registers                                       ; On                 ; On                 ;
; Ignore CARRY Buffers                                             ; Off                ; Off                ;
; Ignore CASCADE Buffers                                           ; Off                ; Off                ;
; Ignore GLOBAL Buffers                                            ; Off                ; Off                ;
; Ignore ROW GLOBAL Buffers                                        ; Off                ; Off                ;
; Ignore LCELL Buffers                                             ; Off                ; Off                ;
; Ignore SOFT Buffers                                              ; On                 ; On                 ;
; Limit AHDL Integers to 32 Bits                                   ; Off                ; Off                ;
; Optimization Technique                                           ; Balanced           ; Balanced           ;
; Carry Chain Length                                               ; 70                 ; 70                 ;
; Auto Carry Chains                                                ; On                 ; On                 ;
; Auto Open-Drain Pins                                             ; On                 ; On                 ;
; Perform WYSIWYG Primitive Resynthesis                            ; Off                ; Off                ;
; Auto ROM Replacement                                             ; On                 ; On                 ;
; Auto RAM Replacement                                             ; On                 ; On                 ;
; Auto DSP Block Replacement                                       ; On                 ; On                 ;
; Auto Shift Register Replacement                                  ; Auto               ; Auto               ;
; Allow Shift Register Merging across Hierarchies                  ; Auto               ; Auto               ;
; Auto Clock Enable Replacement                                    ; On                 ; On                 ;
; Strict RAM Replacement                                           ; Off                ; Off                ;
; Allow Synchronous Control Signals                                ; On                 ; On                 ;
; Force Use of Synchronous Clear Signals                           ; Off                ; Off                ;
; Auto RAM Block Balancing                                         ; On                 ; On                 ;
; Auto RAM to Logic Cell Conversion                                ; Off                ; Off                ;
; Auto Resource Sharing                                            ; Off                ; Off                ;
; Allow Any RAM Size For Recognition                               ; Off                ; Off                ;
; Allow Any ROM Size For Recognition                               ; Off                ; Off                ;
; Allow Any Shift Register Size For Recognition                    ; Off                ; Off                ;
; Use LogicLock Constraints during Resource Balancing              ; On                 ; On                 ;
; Ignore translate_off and synthesis_off directives                ; Off                ; Off                ;
; Timing-Driven Synthesis                                          ; On                 ; On                 ;
; Report Parameter Settings                                        ; On                 ; On                 ;
; Report Source Assignments                                        ; On                 ; On                 ;
; Report Connectivity Checks                                       ; On                 ; On                 ;
; Ignore Maximum Fan-Out Assignments                               ; Off                ; Off                ;
; Synchronization Register Chain Length                            ; 2                  ; 2                  ;
; Power Optimization During Synthesis                              ; Normal compilation ; Normal compilation ;
; HDL message level                                                ; Level2             ; Level2             ;
; Suppress Register Optimization Related Messages                  ; Off                ; Off                ;
; Number of Removed Registers Reported in Synthesis Report         ; 5000               ; 5000               ;
; Number of Swept Nodes Reported in Synthesis Report               ; 5000               ; 5000               ;
; Number of Inverted Registers Reported in Synthesis Report        ; 100                ; 100                ;
; Clock MUX Protection                                             ; On                 ; On                 ;
; Auto Gated Clock Conversion                                      ; Off                ; Off                ;
; Block Design Naming                                              ; Auto               ; Auto               ;
; SDC constraint protection                                        ; Off                ; Off                ;
; Synthesis Effort                                                 ; Auto               ; Auto               ;
; Shift Register Replacement - Allow Asynchronous Clear Signal     ; On                 ; On                 ;
; Pre-Mapping Resynthesis Optimization                             ; Off                ; Off                ;
; Analysis & Synthesis Message Level                               ; Medium             ; Medium             ;
; Disable Register Merging Across Hierarchies                      ; Auto               ; Auto               ;
; Resource Aware Inference For Block RAM                           ; On                 ; On                 ;
+------------------------------------------------------------------+--------------------+--------------------+


+------------------------------------------+
; Parallel Compilation                     ;
+----------------------------+-------------+
; Processors                 ; Number      ;
+----------------------------+-------------+
; Number detected on machine ; 8           ;
; Maximum allowed            ; 4           ;
;                            ;             ;
; Average used               ; 1.00        ;
; Maximum used               ; 4           ;
;                            ;             ;
; Usage by Processor         ; % Time Used ;
;     Processor 1            ; 100.0%      ;
;     Processors 2-4         ;   0.0%      ;
+----------------------------+-------------+


+-------------------------------------------------------------------------------------------------------------------------------------------------------------------------------------------------+
; Analysis & Synthesis Source Files Read                                                                                                                                                          ;
+---------------------------------------------+-----------------+-----------------+-----------------------------------------------------------------------------------------------------+---------+
; File Name with User-Entered Path            ; Used in Netlist ; File Type       ; File Name with Absolute Path                                                                        ; Library ;
+---------------------------------------------+-----------------+-----------------+-----------------------------------------------------------------------------------------------------+---------+
; MiddleCSawtooth/Sound_Sawtooth_Middle_C.vhd ; yes             ; User VHDL File  ; C:/Users/HPz420/Documents/GitHub/land-boards/FPGA_Sound/MiddleCSawtooth/Sound_Sawtooth_Middle_C.vhd ;         ;
; MiddleCSine/Sound_PWM_Middle_C.vhd          ; yes             ; User VHDL File  ; C:/Users/HPz420/Documents/GitHub/land-boards/FPGA_Sound/MiddleCSine/Sound_PWM_Middle_C.vhd          ;         ;
; MiddleCSquare/Sound_SQWave_Middle_C.vhd     ; yes             ; User VHDL File  ; C:/Users/HPz420/Documents/GitHub/land-boards/FPGA_Sound/MiddleCSquare/Sound_SQWave_Middle_C.vhd     ;         ;
; Counters/CounterLdCnt.vhd                   ; yes             ; User VHDL File  ; C:/Users/HPz420/Documents/GitHub/land-boards/FPGA_Sound/Counters/CounterLdCnt.vhd                   ;         ;
; FPGA_Sound.vhd                              ; yes             ; User VHDL File  ; C:/Users/HPz420/Documents/GitHub/land-boards/FPGA_Sound/FPGA_Sound.vhd                              ;         ;
; MiddleCSine/MiddleC_256-Samples.vhd         ; yes             ; User VHDL File  ; C:/Users/HPz420/Documents/GitHub/land-boards/FPGA_Sound/MiddleCSine/MiddleC_256-Samples.vhd         ;         ;
; MiddleCTriangle/Sound_Triangle_Middle_C.vhd ; yes             ; User VHDL File  ; C:/Users/HPz420/Documents/GitHub/land-boards/FPGA_Sound/MiddleCTriangle/Sound_Triangle_Middle_C.vhd ;         ;
; Counters/CounterUpDnLdCnt.vhd               ; yes             ; User VHDL File  ; C:/Users/HPz420/Documents/GitHub/land-boards/FPGA_Sound/Counters/CounterUpDnLdCnt.vhd               ;         ;
+---------------------------------------------+-----------------+-----------------+-----------------------------------------------------------------------------------------------------+---------+


+--------------------------------------------------------------------------------------------------------------------+
; Analysis & Synthesis Resource Usage Summary                                                                        ;
+---------------------------------------------+----------------------------------------------------------------------+
; Resource                                    ; Usage                                                                ;
+---------------------------------------------+----------------------------------------------------------------------+
; Estimated Total logic elements              ; 252                                                                  ;
;                                             ;                                                                      ;
; Total combinational functions               ; 252                                                                  ;
; Logic element usage by number of LUT inputs ;                                                                      ;
;     -- 4 input functions                    ; 156                                                                  ;
;     -- 3 input functions                    ; 42                                                                   ;
;     -- <=2 input functions                  ; 54                                                                   ;
;                                             ;                                                                      ;
; Logic elements by mode                      ;                                                                      ;
;     -- normal mode                          ; 187                                                                  ;
;     -- arithmetic mode                      ; 65                                                                   ;
;                                             ;                                                                      ;
; Total registers                             ; 58                                                                   ;
;     -- Dedicated logic registers            ; 58                                                                   ;
;     -- I/O registers                        ; 0                                                                    ;
;                                             ;                                                                      ;
; I/O pins                                    ; 6                                                                    ;
;                                             ;                                                                      ;
; Embedded Multiplier 9-bit elements          ; 0                                                                    ;
;                                             ;                                                                      ;
; Maximum fan-out node                        ; Sound_PWM_Middle_C:SineWCounter|counterLdInc:ROMAddrCounter|Pre_Q[6] ;
; Maximum fan-out                             ; 64                                                                   ;
; Total fan-out                               ; 1008                                                                 ;
; Average fan-out                             ; 3.13                                                                 ;
+---------------------------------------------+----------------------------------------------------------------------+


+----------------------------------------------------------------------------------------------------------------------------------------------------------------------------------------------------------------------------------------------------------------------------------------------------------+
; Analysis & Synthesis Resource Utilization by Entity                                                                                                                                                                                                                                                      ;
+------------------------------------------------+---------------------+---------------------------+-------------+--------------+---------+-----------+------+--------------+-------------------------------------------------------------------------------------+-------------------------+--------------+
; Compilation Hierarchy Node                     ; Combinational ALUTs ; Dedicated Logic Registers ; Memory Bits ; DSP Elements ; DSP 9x9 ; DSP 18x18 ; Pins ; Virtual Pins ; Full Hierarchy Name                                                                 ; Entity Name             ; Library Name ;
+------------------------------------------------+---------------------+---------------------------+-------------+--------------+---------+-----------+------+--------------+-------------------------------------------------------------------------------------+-------------------------+--------------+
; |FPGA_Sound                                    ; 252 (0)             ; 58 (0)                    ; 0           ; 0            ; 0       ; 0         ; 6    ; 0            ; |FPGA_Sound                                                                         ; FPGA_Sound              ; work         ;
;    |Sound_PWM_Middle_C:SineWCounter|           ; 161 (13)            ; 19 (1)                    ; 0           ; 0            ; 0       ; 0         ; 0    ; 0            ; |FPGA_Sound|Sound_PWM_Middle_C:SineWCounter                                         ; Sound_PWM_Middle_C      ; work         ;
;       |MiddleCSineTable:SineWaveROM|           ; 130 (130)           ; 0 (0)                     ; 0           ; 0            ; 0       ; 0         ; 0    ; 0            ; |FPGA_Sound|Sound_PWM_Middle_C:SineWCounter|MiddleCSineTable:SineWaveROM            ; MiddleCSineTable        ; work         ;
;       |counterLdInc:PWMCounter|                ; 8 (8)               ; 8 (8)                     ; 0           ; 0            ; 0       ; 0         ; 0    ; 0            ; |FPGA_Sound|Sound_PWM_Middle_C:SineWCounter|counterLdInc:PWMCounter                 ; counterLdInc            ; work         ;
;       |counterLdInc:PreScale_Counter|          ; 2 (2)               ; 2 (2)                     ; 0           ; 0            ; 0       ; 0         ; 0    ; 0            ; |FPGA_Sound|Sound_PWM_Middle_C:SineWCounter|counterLdInc:PreScale_Counter           ; counterLdInc            ; work         ;
;       |counterLdInc:ROMAddrCounter|            ; 8 (8)               ; 8 (8)                     ; 0           ; 0            ; 0       ; 0         ; 0    ; 0            ; |FPGA_Sound|Sound_PWM_Middle_C:SineWCounter|counterLdInc:ROMAddrCounter             ; counterLdInc            ; work         ;
;    |Sound_SQWave_Middle_C:SQWCounter|          ; 43 (14)             ; 20 (0)                    ; 0           ; 0            ; 0       ; 0         ; 0    ; 0            ; |FPGA_Sound|Sound_SQWave_Middle_C:SQWCounter                                        ; Sound_SQWave_Middle_C   ; work         ;
;       |counterLdInc:SquareWaveCounter|         ; 29 (29)             ; 20 (20)                   ; 0           ; 0            ; 0       ; 0         ; 0    ; 0            ; |FPGA_Sound|Sound_SQWave_Middle_C:SQWCounter|counterLdInc:SquareWaveCounter         ; counterLdInc            ; work         ;
;    |Sound_Sawtooth_Middle_C:SawWCounter|       ; 9 (9)               ; 1 (1)                     ; 0           ; 0            ; 0       ; 0         ; 0    ; 0            ; |FPGA_Sound|Sound_Sawtooth_Middle_C:SawWCounter                                     ; Sound_Sawtooth_Middle_C ; work         ;
;    |Sound_Triangle_Middle_C:eTriangleWCounter| ; 39 (20)             ; 18 (1)                    ; 0           ; 0            ; 0       ; 0         ; 0    ; 0            ; |FPGA_Sound|Sound_Triangle_Middle_C:eTriangleWCounter                               ; Sound_Triangle_Middle_C ; work         ;
;       |CounterUpDnLdCnt:RampCounter|           ; 10 (10)             ; 8 (8)                     ; 0           ; 0            ; 0       ; 0         ; 0    ; 0            ; |FPGA_Sound|Sound_Triangle_Middle_C:eTriangleWCounter|CounterUpDnLdCnt:RampCounter  ; CounterUpDnLdCnt        ; work         ;
;       |counterLdInc:PWMCounter|                ; 8 (8)               ; 8 (8)                     ; 0           ; 0            ; 0       ; 0         ; 0    ; 0            ; |FPGA_Sound|Sound_Triangle_Middle_C:eTriangleWCounter|counterLdInc:PWMCounter       ; counterLdInc            ; work         ;
;       |counterLdInc:PreScale_Counter|          ; 1 (1)               ; 1 (1)                     ; 0           ; 0            ; 0       ; 0         ; 0    ; 0            ; |FPGA_Sound|Sound_Triangle_Middle_C:eTriangleWCounter|counterLdInc:PreScale_Counter ; counterLdInc            ; work         ;
+------------------------------------------------+---------------------+---------------------------+-------------+--------------+---------+-----------+------+--------------+-------------------------------------------------------------------------------------+-------------------------+--------------+
Note: For table entries with two numbers listed, the numbers in parentheses indicate the number of resources of the given type used by the specific entity alone. The numbers listed outside of parentheses indicate the total resources of the given type used by the specific entity and all of its sub-entities in the hierarchy.


+---------------------------------------------------------------------------------------------------+
; User-Specified and Inferred Latches                                                               ;
+----------------------------------------------------+---------------------+------------------------+
; Latch Name                                         ; Latch Enable Signal ; Free of Timing Hazards ;
+----------------------------------------------------+---------------------+------------------------+
; Sound_SQWave_Middle_C:SQWCounter|w_SQWave          ; GND                 ; yes                    ;
; Sound_Triangle_Middle_C:eTriangleWCounter|w_Up     ; GND                 ; yes                    ;
; Number of user-specified and inferred latches = 2  ;                     ;                        ;
+----------------------------------------------------+---------------------+------------------------+
Note: All latches listed above may not be present at the end of synthesis due to various synthesis optimizations.


+-----------------------------------------------------------------------------------------------------------------------------------------------------------------------+
; Registers Removed During Synthesis                                                                                                                                    ;
+----------------------------------------------------------------------------------+------------------------------------------------------------------------------------+
; Register name                                                                    ; Reason for Removal                                                                 ;
+----------------------------------------------------------------------------------+------------------------------------------------------------------------------------+
; Sound_Sawtooth_Middle_C:SawWCounter|counterLdInc:PWMCounter|Pre_Q[7]             ; Merged with Sound_PWM_Middle_C:SineWCounter|counterLdInc:PWMCounter|Pre_Q[7]       ;
; Sound_Sawtooth_Middle_C:SawWCounter|counterLdInc:PWMCounter|Pre_Q[6]             ; Merged with Sound_PWM_Middle_C:SineWCounter|counterLdInc:PWMCounter|Pre_Q[6]       ;
; Sound_Sawtooth_Middle_C:SawWCounter|counterLdInc:PWMCounter|Pre_Q[5]             ; Merged with Sound_PWM_Middle_C:SineWCounter|counterLdInc:PWMCounter|Pre_Q[5]       ;
; Sound_Sawtooth_Middle_C:SawWCounter|counterLdInc:PWMCounter|Pre_Q[4]             ; Merged with Sound_PWM_Middle_C:SineWCounter|counterLdInc:PWMCounter|Pre_Q[4]       ;
; Sound_Sawtooth_Middle_C:SawWCounter|counterLdInc:PWMCounter|Pre_Q[3]             ; Merged with Sound_PWM_Middle_C:SineWCounter|counterLdInc:PWMCounter|Pre_Q[3]       ;
; Sound_Sawtooth_Middle_C:SawWCounter|counterLdInc:PWMCounter|Pre_Q[2]             ; Merged with Sound_PWM_Middle_C:SineWCounter|counterLdInc:PWMCounter|Pre_Q[2]       ;
; Sound_Sawtooth_Middle_C:SawWCounter|counterLdInc:PWMCounter|Pre_Q[1]             ; Merged with Sound_PWM_Middle_C:SineWCounter|counterLdInc:PWMCounter|Pre_Q[1]       ;
; Sound_Sawtooth_Middle_C:SawWCounter|counterLdInc:PWMCounter|Pre_Q[0]             ; Merged with Sound_PWM_Middle_C:SineWCounter|counterLdInc:PWMCounter|Pre_Q[0]       ;
; Sound_Sawtooth_Middle_C:SawWCounter|counterLdInc:RampCounter|Pre_Q[7]            ; Merged with Sound_PWM_Middle_C:SineWCounter|counterLdInc:ROMAddrCounter|Pre_Q[7]   ;
; Sound_Sawtooth_Middle_C:SawWCounter|counterLdInc:RampCounter|Pre_Q[6]            ; Merged with Sound_PWM_Middle_C:SineWCounter|counterLdInc:ROMAddrCounter|Pre_Q[6]   ;
; Sound_Sawtooth_Middle_C:SawWCounter|counterLdInc:RampCounter|Pre_Q[5]            ; Merged with Sound_PWM_Middle_C:SineWCounter|counterLdInc:ROMAddrCounter|Pre_Q[5]   ;
; Sound_Sawtooth_Middle_C:SawWCounter|counterLdInc:RampCounter|Pre_Q[4]            ; Merged with Sound_PWM_Middle_C:SineWCounter|counterLdInc:ROMAddrCounter|Pre_Q[4]   ;
; Sound_Sawtooth_Middle_C:SawWCounter|counterLdInc:RampCounter|Pre_Q[3]            ; Merged with Sound_PWM_Middle_C:SineWCounter|counterLdInc:ROMAddrCounter|Pre_Q[3]   ;
; Sound_Sawtooth_Middle_C:SawWCounter|counterLdInc:RampCounter|Pre_Q[2]            ; Merged with Sound_PWM_Middle_C:SineWCounter|counterLdInc:ROMAddrCounter|Pre_Q[2]   ;
; Sound_Sawtooth_Middle_C:SawWCounter|counterLdInc:RampCounter|Pre_Q[1]            ; Merged with Sound_PWM_Middle_C:SineWCounter|counterLdInc:ROMAddrCounter|Pre_Q[1]   ;
; Sound_Sawtooth_Middle_C:SawWCounter|counterLdInc:RampCounter|Pre_Q[0]            ; Merged with Sound_PWM_Middle_C:SineWCounter|counterLdInc:ROMAddrCounter|Pre_Q[0]   ;
; Sound_Sawtooth_Middle_C:SawWCounter|counterLdInc:PreScale_Counter|Pre_Q[1]       ; Merged with Sound_PWM_Middle_C:SineWCounter|counterLdInc:PreScale_Counter|Pre_Q[1] ;
; Sound_Sawtooth_Middle_C:SawWCounter|counterLdInc:PreScale_Counter|Pre_Q[0]       ; Merged with Sound_PWM_Middle_C:SineWCounter|counterLdInc:PreScale_Counter|Pre_Q[0] ;
; Sound_Triangle_Middle_C:eTriangleWCounter|counterLdInc:PreScale_Counter|Pre_Q[1] ; Stuck at GND due to stuck port data_in                                             ;
; Total Number of Removed Registers = 19                                           ;                                                                                    ;
+----------------------------------------------------------------------------------+------------------------------------------------------------------------------------+


+------------------------------------------------------+
; General Register Statistics                          ;
+----------------------------------------------+-------+
; Statistic                                    ; Value ;
+----------------------------------------------+-------+
; Total registers                              ; 58    ;
; Number of registers using Synchronous Clear  ; 0     ;
; Number of registers using Synchronous Load   ; 0     ;
; Number of registers using Asynchronous Clear ; 0     ;
; Number of registers using Asynchronous Load  ; 0     ;
; Number of registers using Clock Enable       ; 29    ;
; Number of registers using Preset             ; 0     ;
+----------------------------------------------+-------+


+--------------------------------------------------------------------------------------------------------------+
; Parameter Settings for User Entity Instance: Sound_SQWave_Middle_C:SQWCounter|counterLdInc:SquareWaveCounter ;
+----------------+-------+-------------------------------------------------------------------------------------+
; Parameter Name ; Value ; Type                                                                                ;
+----------------+-------+-------------------------------------------------------------------------------------+
; n              ; 20    ; Signed Integer                                                                      ;
+----------------+-------+-------------------------------------------------------------------------------------+
Note: In order to hide this table in the UI and the text report file, please set the "Show Parameter Settings in Synthesis Report" option in "Analysis and Synthesis Settings -> More Settings" to "Off".


+------------------------------------------------------------------------------------------------------------+
; Parameter Settings for User Entity Instance: Sound_PWM_Middle_C:SineWCounter|counterLdInc:PreScale_Counter ;
+----------------+-------+-----------------------------------------------------------------------------------+
; Parameter Name ; Value ; Type                                                                              ;
+----------------+-------+-----------------------------------------------------------------------------------+
; n              ; 2     ; Signed Integer                                                                    ;
+----------------+-------+-----------------------------------------------------------------------------------+
Note: In order to hide this table in the UI and the text report file, please set the "Show Parameter Settings in Synthesis Report" option in "Analysis and Synthesis Settings -> More Settings" to "Off".


+------------------------------------------------------------------------------------------------------+
; Parameter Settings for User Entity Instance: Sound_PWM_Middle_C:SineWCounter|counterLdInc:PWMCounter ;
+----------------+-------+-----------------------------------------------------------------------------+
; Parameter Name ; Value ; Type                                                                        ;
+----------------+-------+-----------------------------------------------------------------------------+
; n              ; 8     ; Signed Integer                                                              ;
+----------------+-------+-----------------------------------------------------------------------------+
Note: In order to hide this table in the UI and the text report file, please set the "Show Parameter Settings in Synthesis Report" option in "Analysis and Synthesis Settings -> More Settings" to "Off".


+----------------------------------------------------------------------------------------------------------+
; Parameter Settings for User Entity Instance: Sound_PWM_Middle_C:SineWCounter|counterLdInc:ROMAddrCounter ;
+----------------+-------+---------------------------------------------------------------------------------+
; Parameter Name ; Value ; Type                                                                            ;
+----------------+-------+---------------------------------------------------------------------------------+
; n              ; 8     ; Signed Integer                                                                  ;
+----------------+-------+---------------------------------------------------------------------------------+
Note: In order to hide this table in the UI and the text report file, please set the "Show Parameter Settings in Synthesis Report" option in "Analysis and Synthesis Settings -> More Settings" to "Off".


+----------------------------------------------------------------------------------------------------------------+
; Parameter Settings for User Entity Instance: Sound_Sawtooth_Middle_C:SawWCounter|counterLdInc:PreScale_Counter ;
+----------------+-------+---------------------------------------------------------------------------------------+
; Parameter Name ; Value ; Type                                                                                  ;
+----------------+-------+---------------------------------------------------------------------------------------+
; n              ; 2     ; Signed Integer                                                                        ;
+----------------+-------+---------------------------------------------------------------------------------------+
Note: In order to hide this table in the UI and the text report file, please set the "Show Parameter Settings in Synthesis Report" option in "Analysis and Synthesis Settings -> More Settings" to "Off".


+----------------------------------------------------------------------------------------------------------+
; Parameter Settings for User Entity Instance: Sound_Sawtooth_Middle_C:SawWCounter|counterLdInc:PWMCounter ;
+----------------+-------+---------------------------------------------------------------------------------+
; Parameter Name ; Value ; Type                                                                            ;
+----------------+-------+---------------------------------------------------------------------------------+
; n              ; 8     ; Signed Integer                                                                  ;
+----------------+-------+---------------------------------------------------------------------------------+
Note: In order to hide this table in the UI and the text report file, please set the "Show Parameter Settings in Synthesis Report" option in "Analysis and Synthesis Settings -> More Settings" to "Off".


+-----------------------------------------------------------------------------------------------------------+
; Parameter Settings for User Entity Instance: Sound_Sawtooth_Middle_C:SawWCounter|counterLdInc:RampCounter ;
+----------------+-------+----------------------------------------------------------------------------------+
; Parameter Name ; Value ; Type                                                                             ;
+----------------+-------+----------------------------------------------------------------------------------+
; n              ; 8     ; Signed Integer                                                                   ;
+----------------+-------+----------------------------------------------------------------------------------+
Note: In order to hide this table in the UI and the text report file, please set the "Show Parameter Settings in Synthesis Report" option in "Analysis and Synthesis Settings -> More Settings" to "Off".


+----------------------------------------------------------------------------------------------------------------------+
; Parameter Settings for User Entity Instance: Sound_Triangle_Middle_C:eTriangleWCounter|counterLdInc:PreScale_Counter ;
+----------------+-------+---------------------------------------------------------------------------------------------+
; Parameter Name ; Value ; Type                                                                                        ;
+----------------+-------+---------------------------------------------------------------------------------------------+
; n              ; 2     ; Signed Integer                                                                              ;
+----------------+-------+---------------------------------------------------------------------------------------------+
Note: In order to hide this table in the UI and the text report file, please set the "Show Parameter Settings in Synthesis Report" option in "Analysis and Synthesis Settings -> More Settings" to "Off".


+----------------------------------------------------------------------------------------------------------------+
; Parameter Settings for User Entity Instance: Sound_Triangle_Middle_C:eTriangleWCounter|counterLdInc:PWMCounter ;
+----------------+-------+---------------------------------------------------------------------------------------+
; Parameter Name ; Value ; Type                                                                                  ;
+----------------+-------+---------------------------------------------------------------------------------------+
; n              ; 8     ; Signed Integer                                                                        ;
+----------------+-------+---------------------------------------------------------------------------------------+
Note: In order to hide this table in the UI and the text report file, please set the "Show Parameter Settings in Synthesis Report" option in "Analysis and Synthesis Settings -> More Settings" to "Off".


+---------------------------------------------------------------------------------------------------------------------+
; Parameter Settings for User Entity Instance: Sound_Triangle_Middle_C:eTriangleWCounter|CounterUpDnLdCnt:RampCounter ;
+----------------+-------+--------------------------------------------------------------------------------------------+
; Parameter Name ; Value ; Type                                                                                       ;
+----------------+-------+--------------------------------------------------------------------------------------------+
; n              ; 8     ; Signed Integer                                                                             ;
+----------------+-------+--------------------------------------------------------------------------------------------+
Note: In order to hide this table in the UI and the text report file, please set the "Show Parameter Settings in Synthesis Report" option in "Analysis and Synthesis Settings -> More Settings" to "Off".


+----------------------------------------------------------------------------------------------------+
; Port Connectivity Checks: "Sound_Triangle_Middle_C:eTriangleWCounter|CounterUpDnLdCnt:RampCounter" ;
+----------+-------+----------+----------------------------------------------------------------------+
; Port     ; Type  ; Severity ; Details                                                              ;
+----------+-------+----------+----------------------------------------------------------------------+
; i_datain ; Input ; Info     ; Stuck at GND                                                         ;
; i_load   ; Input ; Info     ; Stuck at GND                                                         ;
+----------+-------+----------+----------------------------------------------------------------------+


+-----------------------------------------------------------------------------------------------+
; Port Connectivity Checks: "Sound_Triangle_Middle_C:eTriangleWCounter|counterLdInc:PWMCounter" ;
+----------+-------+----------+-----------------------------------------------------------------+
; Port     ; Type  ; Severity ; Details                                                         ;
+----------+-------+----------+-----------------------------------------------------------------+
; i_datain ; Input ; Info     ; Stuck at GND                                                    ;
; i_load   ; Input ; Info     ; Stuck at GND                                                    ;
+----------+-------+----------+-----------------------------------------------------------------+


+-----------------------------------------------------------------------------------------------------+
; Port Connectivity Checks: "Sound_Triangle_Middle_C:eTriangleWCounter|counterLdInc:PreScale_Counter" ;
+----------+-------+----------+-----------------------------------------------------------------------+
; Port     ; Type  ; Severity ; Details                                                               ;
+----------+-------+----------+-----------------------------------------------------------------------+
; i_datain ; Input ; Info     ; Stuck at GND                                                          ;
; i_inc    ; Input ; Info     ; Stuck at VCC                                                          ;
+----------+-------+----------+-----------------------------------------------------------------------+


+------------------------------------------------------------------------------------------+
; Port Connectivity Checks: "Sound_Sawtooth_Middle_C:SawWCounter|counterLdInc:RampCounter" ;
+----------+-------+----------+------------------------------------------------------------+
; Port     ; Type  ; Severity ; Details                                                    ;
+----------+-------+----------+------------------------------------------------------------+
; i_datain ; Input ; Info     ; Stuck at GND                                               ;
; i_load   ; Input ; Info     ; Stuck at GND                                               ;
+----------+-------+----------+------------------------------------------------------------+


+-----------------------------------------------------------------------------------------+
; Port Connectivity Checks: "Sound_Sawtooth_Middle_C:SawWCounter|counterLdInc:PWMCounter" ;
+----------+-------+----------+-----------------------------------------------------------+
; Port     ; Type  ; Severity ; Details                                                   ;
+----------+-------+----------+-----------------------------------------------------------+
; i_datain ; Input ; Info     ; Stuck at GND                                              ;
; i_load   ; Input ; Info     ; Stuck at GND                                              ;
+----------+-------+----------+-----------------------------------------------------------+


+-----------------------------------------------------------------------------------------------+
; Port Connectivity Checks: "Sound_Sawtooth_Middle_C:SawWCounter|counterLdInc:PreScale_Counter" ;
+----------+-------+----------+-----------------------------------------------------------------+
; Port     ; Type  ; Severity ; Details                                                         ;
+----------+-------+----------+-----------------------------------------------------------------+
; i_datain ; Input ; Info     ; Stuck at GND                                                    ;
; i_inc    ; Input ; Info     ; Stuck at VCC                                                    ;
+----------+-------+----------+-----------------------------------------------------------------+


+-----------------------------------------------------------------------------------------+
; Port Connectivity Checks: "Sound_PWM_Middle_C:SineWCounter|counterLdInc:ROMAddrCounter" ;
+----------+-------+----------+-----------------------------------------------------------+
; Port     ; Type  ; Severity ; Details                                                   ;
+----------+-------+----------+-----------------------------------------------------------+
; i_datain ; Input ; Info     ; Stuck at GND                                              ;
; i_load   ; Input ; Info     ; Stuck at GND                                              ;
+----------+-------+----------+-----------------------------------------------------------+


+-------------------------------------------------------------------------------------+
; Port Connectivity Checks: "Sound_PWM_Middle_C:SineWCounter|counterLdInc:PWMCounter" ;
+----------+-------+----------+-------------------------------------------------------+
; Port     ; Type  ; Severity ; Details                                               ;
+----------+-------+----------+-------------------------------------------------------+
; i_datain ; Input ; Info     ; Stuck at GND                                          ;
; i_load   ; Input ; Info     ; Stuck at GND                                          ;
+----------+-------+----------+-------------------------------------------------------+


+-------------------------------------------------------------------------------------------+
; Port Connectivity Checks: "Sound_PWM_Middle_C:SineWCounter|counterLdInc:PreScale_Counter" ;
+----------+-------+----------+-------------------------------------------------------------+
; Port     ; Type  ; Severity ; Details                                                     ;
+----------+-------+----------+-------------------------------------------------------------+
; i_datain ; Input ; Info     ; Stuck at GND                                                ;
; i_inc    ; Input ; Info     ; Stuck at VCC                                                ;
+----------+-------+----------+-------------------------------------------------------------+


+---------------------------------------------------------------------------------------------+
; Port Connectivity Checks: "Sound_SQWave_Middle_C:SQWCounter|counterLdInc:SquareWaveCounter" ;
+----------+-------+----------+---------------------------------------------------------------+
; Port     ; Type  ; Severity ; Details                                                       ;
+----------+-------+----------+---------------------------------------------------------------+
; i_datain ; Input ; Info     ; Stuck at GND                                                  ;
; i_inc    ; Input ; Info     ; Stuck at VCC                                                  ;
+----------+-------+----------+---------------------------------------------------------------+


+-----------------------------------------------------+
; Post-Synthesis Netlist Statistics for Top Partition ;
+-----------------------+-----------------------------+
; Type                  ; Count                       ;
+-----------------------+-----------------------------+
; boundary_port         ; 6                           ;
; cycloneiii_ff         ; 58                          ;
;     ENA               ; 29                          ;
;     plain             ; 29                          ;
; cycloneiii_lcell_comb ; 252                         ;
;     arith             ; 65                          ;
;         2 data inputs ; 35                          ;
;         3 data inputs ; 30                          ;
;     normal            ; 187                         ;
;         1 data inputs ; 5                           ;
;         2 data inputs ; 14                          ;
;         3 data inputs ; 12                          ;
;         4 data inputs ; 156                         ;
;                       ;                             ;
; Max LUT depth         ; 7.60                        ;
; Average LUT depth     ; 4.39                        ;
+-----------------------+-----------------------------+


+-------------------------------+
; Elapsed Time Per Partition    ;
+----------------+--------------+
; Partition Name ; Elapsed Time ;
+----------------+--------------+
; Top            ; 00:00:03     ;
+----------------+--------------+


+-------------------------------+
; Analysis & Synthesis Messages ;
+-------------------------------+
Info: *******************************************************************
Info: Running Quartus Prime Analysis & Synthesis
    Info: Version 21.1.0 Build 842 10/21/2021 SJ Lite Edition
    Info: Processing started: Sat Aug 27 05:24:17 2022
Info: Command: quartus_map --read_settings_files=on --write_settings_files=off FPGA_Sound -c FPGA_Sound
Info (20030): Parallel compilation is enabled and will use 4 of the 4 processors detected
Info (12021): Found 2 design units, including 1 entities, in source file middlecsawtooth/sound_sawtooth_middle_c.vhd
    Info (12022): Found design unit 1: Sound_Sawtooth_Middle_C-behv File: C:/Users/HPz420/Documents/GitHub/land-boards/FPGA_Sound/MiddleCSawtooth/Sound_Sawtooth_Middle_C.vhd Line: 30
    Info (12023): Found entity 1: Sound_Sawtooth_Middle_C File: C:/Users/HPz420/Documents/GitHub/land-boards/FPGA_Sound/MiddleCSawtooth/Sound_Sawtooth_Middle_C.vhd Line: 20
Info (12021): Found 2 design units, including 1 entities, in source file middlecsine/sound_pwm_middle_c.vhd
    Info (12022): Found design unit 1: Sound_PWM_Middle_C-behv File: C:/Users/HPz420/Documents/GitHub/land-boards/FPGA_Sound/MiddleCSine/Sound_PWM_Middle_C.vhd Line: 32
    Info (12023): Found entity 1: Sound_PWM_Middle_C File: C:/Users/HPz420/Documents/GitHub/land-boards/FPGA_Sound/MiddleCSine/Sound_PWM_Middle_C.vhd Line: 22
Info (12021): Found 2 design units, including 1 entities, in source file middlecsquare/sound_sqwave_middle_c.vhd
    Info (12022): Found design unit 1: Sound_SQWave_Middle_C-behv File: C:/Users/HPz420/Documents/GitHub/land-boards/FPGA_Sound/MiddleCSquare/Sound_SQWave_Middle_C.vhd Line: 32
    Info (12023): Found entity 1: Sound_SQWave_Middle_C File: C:/Users/HPz420/Documents/GitHub/land-boards/FPGA_Sound/MiddleCSquare/Sound_SQWave_Middle_C.vhd Line: 22
Info (12021): Found 2 design units, including 1 entities, in source file counters/counterldcnt.vhd
    Info (12022): Found design unit 1: counterLdInc-behv File: C:/Users/HPz420/Documents/GitHub/land-boards/FPGA_Sound/Counters/CounterLdCnt.vhd Line: 24
    Info (12023): Found entity 1: counterLdInc File: C:/Users/HPz420/Documents/GitHub/land-boards/FPGA_Sound/Counters/CounterLdCnt.vhd Line: 11
Warning (12019): Can't analyze file -- file Debounce.vhd is missing
Info (12021): Found 2 design units, including 1 entities, in source file fpga_sound.vhd
    Info (12022): Found design unit 1: FPGA_Sound-struct File: C:/Users/HPz420/Documents/GitHub/land-boards/FPGA_Sound/FPGA_Sound.vhd Line: 32
    Info (12023): Found entity 1: FPGA_Sound File: C:/Users/HPz420/Documents/GitHub/land-boards/FPGA_Sound/FPGA_Sound.vhd Line: 20
Info (12021): Found 2 design units, including 1 entities, in source file middlecsine/middlec_256-samples.vhd
    Info (12022): Found design unit 1: MiddleCSineTable-behavior File: C:/Users/HPz420/Documents/GitHub/land-boards/FPGA_Sound/MiddleCSine/MiddleC_256-Samples.vhd Line: 20
    Info (12023): Found entity 1: MiddleCSineTable File: C:/Users/HPz420/Documents/GitHub/land-boards/FPGA_Sound/MiddleCSine/MiddleC_256-Samples.vhd Line: 12
Info (12021): Found 2 design units, including 1 entities, in source file middlectriangle/sound_triangle_middle_c.vhd
    Info (12022): Found design unit 1: Sound_Triangle_Middle_C-behv File: C:/Users/HPz420/Documents/GitHub/land-boards/FPGA_Sound/MiddleCTriangle/Sound_Triangle_Middle_C.vhd Line: 30
    Info (12023): Found entity 1: Sound_Triangle_Middle_C File: C:/Users/HPz420/Documents/GitHub/land-boards/FPGA_Sound/MiddleCTriangle/Sound_Triangle_Middle_C.vhd Line: 20
Info (12021): Found 2 design units, including 1 entities, in source file counters/counterupdnldcnt.vhd
    Info (12022): Found design unit 1: CounterUpDnLdCnt-behv File: C:/Users/HPz420/Documents/GitHub/land-boards/FPGA_Sound/Counters/CounterUpDnLdCnt.vhd Line: 25
    Info (12023): Found entity 1: CounterUpDnLdCnt File: C:/Users/HPz420/Documents/GitHub/land-boards/FPGA_Sound/Counters/CounterUpDnLdCnt.vhd Line: 11
Info (12127): Elaborating entity "FPGA_Sound" for the top level hierarchy
Info (12128): Elaborating entity "Sound_SQWave_Middle_C" for hierarchy "Sound_SQWave_Middle_C:SQWCounter" File: C:/Users/HPz420/Documents/GitHub/land-boards/FPGA_Sound/FPGA_Sound.vhd Line: 52
Info (10041): Inferred latch for "w_SQWave" at Sound_SQWave_Middle_C.vhd(54) File: C:/Users/HPz420/Documents/GitHub/land-boards/FPGA_Sound/MiddleCSquare/Sound_SQWave_Middle_C.vhd Line: 54
Info (12128): Elaborating entity "counterLdInc" for hierarchy "Sound_SQWave_Middle_C:SQWCounter|counterLdInc:SquareWaveCounter" File: C:/Users/HPz420/Documents/GitHub/land-boards/FPGA_Sound/MiddleCSquare/Sound_SQWave_Middle_C.vhd Line: 40
Info (12128): Elaborating entity "Sound_PWM_Middle_C" for hierarchy "Sound_PWM_Middle_C:SineWCounter" File: C:/Users/HPz420/Documents/GitHub/land-boards/FPGA_Sound/FPGA_Sound.vhd Line: 59
Info (12128): Elaborating entity "MiddleCSineTable" for hierarchy "Sound_PWM_Middle_C:SineWCounter|MiddleCSineTable:SineWaveROM" File: C:/Users/HPz420/Documents/GitHub/land-boards/FPGA_Sound/MiddleCSine/Sound_PWM_Middle_C.vhd Line: 48
Info (12128): Elaborating entity "counterLdInc" for hierarchy "Sound_PWM_Middle_C:SineWCounter|counterLdInc:PreScale_Counter" File: C:/Users/HPz420/Documents/GitHub/land-boards/FPGA_Sound/MiddleCSine/Sound_PWM_Middle_C.vhd Line: 58
Info (12128): Elaborating entity "counterLdInc" for hierarchy "Sound_PWM_Middle_C:SineWCounter|counterLdInc:PWMCounter" File: C:/Users/HPz420/Documents/GitHub/land-boards/FPGA_Sound/MiddleCSine/Sound_PWM_Middle_C.vhd Line: 70
Info (12128): Elaborating entity "Sound_Sawtooth_Middle_C" for hierarchy "Sound_Sawtooth_Middle_C:SawWCounter" File: C:/Users/HPz420/Documents/GitHub/land-boards/FPGA_Sound/FPGA_Sound.vhd Line: 66
Info (12128): Elaborating entity "Sound_Triangle_Middle_C" for hierarchy "Sound_Triangle_Middle_C:eTriangleWCounter" File: C:/Users/HPz420/Documents/GitHub/land-boards/FPGA_Sound/FPGA_Sound.vhd Line: 73
Info (10041): Inferred latch for "w_Up" at Sound_Triangle_Middle_C.vhd(84) File: C:/Users/HPz420/Documents/GitHub/land-boards/FPGA_Sound/MiddleCTriangle/Sound_Triangle_Middle_C.vhd Line: 84
Info (12128): Elaborating entity "CounterUpDnLdCnt" for hierarchy "Sound_Triangle_Middle_C:eTriangleWCounter|CounterUpDnLdCnt:RampCounter" File: C:/Users/HPz420/Documents/GitHub/land-boards/FPGA_Sound/MiddleCTriangle/Sound_Triangle_Middle_C.vhd Line: 87
Info (286030): Timing-Driven Synthesis is running
Info (16010): Generating hard_block partition "hard_block:auto_generated_inst"
    Info (16011): Adding 0 node(s), including 0 DDIO, 0 PLL, 0 transceiver and 0 LCELL
Info (21057): Implemented 258 device resources after synthesis - the final resource count might be different
    Info (21058): Implemented 2 input pins
    Info (21059): Implemented 4 output pins
    Info (21061): Implemented 252 logic cells
Info: Quartus Prime Analysis & Synthesis was successful. 0 errors, 1 warning
    Info: Peak virtual memory: 4824 megabytes
    Info: Processing ended: Sat Aug 27 05:24:37 2022
    Info: Elapsed time: 00:00:20
    Info: Total CPU time (on all processors): 00:00:39


